// Jest Snapshot v1, https://goo.gl/fbAQLP

exports[`<App /> mounts and renders app without errors 1`] = `
<App
  calculate={[MockFunction]}
  clear={[MockFunction]}
  del={[MockFunction]}
  evaluate={[MockFunction]}
>
  <div
    className="app"
  >
    <header
      className="app-header"
    >
      <img
        alt="logo"
        className="app-logo"
        src="logo.svg"
      />
    </header>
    <div
      className="calculator-container"
    >
      <_default
        calculate={[MockFunction]}
        clear={[MockFunction]}
        del={[MockFunction]}
        evaluate={[MockFunction]}
      >
        <div
          className="calculator-screen"
        >
          <TextFit
            autoResize={true}
            className="screen-top"
            forceSingleModeWidth={true}
            max={40}
            min={1}
            mode="single"
            onReady={[Function]}
            throttle={60}
          >
            <div
              className="screen-top"
              style={
                Object {
                  "fontSize": null,
                }
              }
            >
              <div
                style={
                  Object {
                    "display": "inline-block",
                    "whiteSpace": "nowrap",
                  }
                }
              />
            </div>
          </TextFit>
          <TextFit
            autoResize={true}
            className="screen-bottom"
            forceSingleModeWidth={true}
            max={120}
            min={1}
            mode="single"
            onReady={[Function]}
            throttle={50}
          >
            <div
              className="screen-bottom"
              style={
                Object {
                  "fontSize": null,
                }
              }
            >
              <div
                style={
                  Object {
                    "display": "inline-block",
                    "whiteSpace": "nowrap",
                  }
                }
              />
            </div>
          </TextFit>
        </div>
      </_default>
      <Keypad
        calculate={[MockFunction]}
        clear={[MockFunction]}
        del={[MockFunction]}
        evaluate={[MockFunction]}
      >
        <div
          className="keypad"
        >
          <div
            className="keypad-key"
            key="0"
          >
            <_default
              buttonKey="c"
              key="c"
              onButtonClick={[Function]}
            >
              <button
                className="btn  btn--misc"
                data-qa="c"
                onClick={[Function]}
              >
                c
              </button>
            </_default>
            <_default
              buttonKey="%"
              key="%"
              onButtonClick={[Function]}
            >
              <button
                className="btn  btn--misc"
                data-qa="%"
                onClick={[Function]}
              >
                %
              </button>
            </_default>
            <_default
              buttonKey="Del"
              key="Del"
              onButtonClick={[Function]}
            >
              <button
                className="btn  btn--misc"
                data-qa="Del"
                onClick={[Function]}
              >
                Del
              </button>
            </_default>
            <_default
              buttonKey="/"
              key="/"
              onButtonClick={[Function]}
            >
              <button
                className="btn btn--operator"
                data-qa="/"
                onClick={[Function]}
              >
                /
              </button>
            </_default>
          </div>
          <div
            className="keypad-key"
            key="1"
          >
            <_default
              buttonKey="7"
              key="7"
              onButtonClick={[Function]}
            >
              <button
                className="btn"
                data-qa="7"
                onClick={[Function]}
              >
                7
              </button>
            </_default>
            <_default
              buttonKey="8"
              key="8"
              onButtonClick={[Function]}
            >
              <button
                className="btn"
                data-qa="8"
                onClick={[Function]}
              >
                8
              </button>
            </_default>
            <_default
              buttonKey="9"
              key="9"
              onButtonClick={[Function]}
            >
              <button
                className="btn"
                data-qa="9"
                onClick={[Function]}
              >
                9
              </button>
            </_default>
            <_default
              buttonKey="*"
              key="*"
              onButtonClick={[Function]}
            >
              <button
                className="btn btn--operator"
                data-qa="*"
                onClick={[Function]}
              >
                x
              </button>
            </_default>
          </div>
          <div
            className="keypad-key"
            key="2"
          >
            <_default
              buttonKey="4"
              key="4"
              onButtonClick={[Function]}
            >
              <button
                className="btn"
                data-qa="4"
                onClick={[Function]}
              >
                4
              </button>
            </_default>
            <_default
              buttonKey="5"
              key="5"
              onButtonClick={[Function]}
            >
              <button
                className="btn"
                data-qa="5"
                onClick={[Function]}
              >
                5
              </button>
            </_default>
            <_default
              buttonKey="6"
              key="6"
              onButtonClick={[Function]}
            >
              <button
                className="btn"
                data-qa="6"
                onClick={[Function]}
              >
                6
              </button>
            </_default>
            <_default
              buttonKey="-"
              key="-"
              onButtonClick={[Function]}
            >
              <button
                className="btn btn--operator"
                data-qa="-"
                onClick={[Function]}
              >
                -
              </button>
            </_default>
          </div>
          <div
            className="keypad-key"
            key="3"
          >
            <_default
              buttonKey="1"
              key="1"
              onButtonClick={[Function]}
            >
              <button
                className="btn"
                data-qa="1"
                onClick={[Function]}
              >
                1
              </button>
            </_default>
            <_default
              buttonKey="2"
              key="2"
              onButtonClick={[Function]}
            >
              <button
                className="btn"
                data-qa="2"
                onClick={[Function]}
              >
                2
              </button>
            </_default>
            <_default
              buttonKey="3"
              key="3"
              onButtonClick={[Function]}
            >
              <button
                className="btn"
                data-qa="3"
                onClick={[Function]}
              >
                3
              </button>
            </_default>
            <_default
              buttonKey="+"
              key="+"
              onButtonClick={[Function]}
            >
              <button
                className="btn btn--operator"
                data-qa="+"
                onClick={[Function]}
              >
                +
              </button>
            </_default>
          </div>
          <div
            className="keypad-key"
            key="4"
          >
            <_default
              buttonKey="0"
              key="0"
              onButtonClick={[Function]}
            >
              <button
                className="btn   btn--zero"
                data-qa="0"
                onClick={[Function]}
              >
                0
              </button>
            </_default>
            <_default
              buttonKey="x^2"
              key="x^2"
              onButtonClick={[Function]}
            >
              <button
                className="btn"
                data-qa="x^2"
                onClick={[Function]}
              >
                x^2
              </button>
            </_default>
            <_default
              buttonKey="√"
              key="√"
              onButtonClick={[Function]}
            >
              <button
                className="btn"
                data-qa="√"
                onClick={[Function]}
              >
                √
              </button>
            </_default>
            <_default
              buttonKey="."
              key="."
              onButtonClick={[Function]}
            >
              <button
                className="btn"
                data-qa="."
                onClick={[Function]}
              >
                .
              </button>
            </_default>
            <_default
              buttonKey="="
              key="="
              onButtonClick={[Function]}
            >
              <button
                className="btn btn--operator"
                data-qa="="
                onClick={[Function]}
              >
                =
              </button>
            </_default>
          </div>
        </div>
      </Keypad>
    </div>
  </div>
</App>
`;
